[0m[1mmodule.fck_nat.data.aws_vpc.main: Reading...[0m[0m
[0m[1mmodule.fck_nat.data.aws_caller_identity.current: Reading...[0m[0m
[0m[1mmodule.fck_nat.data.aws_partition.current: Reading...[0m[0m
[0m[1mmodule.fck_nat.data.aws_default_tags.current: Reading...[0m[0m
[0m[1mmodule.fck_nat.data.aws_ami.main[0]: Reading...[0m[0m
[0m[1mmodule.fck_nat.data.aws_region.current: Reading...[0m[0m
[0m[1mmodule.fck_nat.data.aws_default_tags.current: Read complete after 0s [id=aws][0m
[0m[1mmodule.fck_nat.data.aws_partition.current: Read complete after 0s [id=aws][0m
[0m[1mmodule.fck_nat.data.aws_region.current: Read complete after 0s [id=us-west-2][0m
[0m[1mmodule.fck_nat.data.aws_iam_policy_document.instance_assume_role_policy: Reading...[0m[0m
[0m[1mmodule.fck_nat.data.aws_iam_policy_document.instance_assume_role_policy: Read complete after 0s [id=2851119427][0m
[0m[1mmodule.fck_nat.data.aws_caller_identity.current: Read complete after 0s [id=711318977523][0m
[0m[1mmodule.fck_nat.data.aws_iam_policy_document.main: Reading...[0m[0m
[0m[1mmodule.fck_nat.data.aws_iam_policy_document.main: Read complete after 0s [id=3865317089][0m
[0m[1mmodule.fck_nat.data.aws_ami.main[0]: Read complete after 0s [id=ami-0d1db1251d2b64626][0m
[0m[1mmodule.fck_nat.data.aws_vpc.main: Read complete after 0s [id=vpc-07edef14b92b9d6bf][0m

Terraform used the selected providers to generate the following execution
plan. Resource actions are indicated with the following symbols:
  [32m+[0m create[0m
 [36m<=[0m read (data resources)[0m

Terraform will perform the following actions:

[1m  # module.fck_nat.data.cloudinit_config.this[0m will be read during apply
  # (config refers to values not yet known)
[0m [36m<=[0m[0m data "cloudinit_config" "this" {
      [32m+[0m[0m base64_encode = true
      [32m+[0m[0m boundary      = (known after apply)
      [32m+[0m[0m gzip          = true
      [32m+[0m[0m id            = (known after apply)
      [32m+[0m[0m rendered      = (known after apply)

      [32m+[0m[0m part {
          [32m+[0m[0m content      = (known after apply)
          [32m+[0m[0m content_type = "text/x-shellscript"
        }
    }

[1m  # module.fck_nat.aws_autoscaling_group.main[0][0m will be created
[0m  [32m+[0m[0m resource "aws_autoscaling_group" "main" {
      [32m+[0m[0m arn                              = (known after apply)
      [32m+[0m[0m availability_zones               = (known after apply)
      [32m+[0m[0m default_cooldown                 = (known after apply)
      [32m+[0m[0m desired_capacity                 = 1
      [32m+[0m[0m enabled_metrics                  = [
          [32m+[0m[0m "GroupAndWarmPoolDesiredCapacity",
          [32m+[0m[0m "GroupAndWarmPoolTotalCapacity",
          [32m+[0m[0m "GroupDesiredCapacity",
          [32m+[0m[0m "GroupInServiceCapacity",
          [32m+[0m[0m "GroupInServiceInstances",
          [32m+[0m[0m "GroupMaxSize",
          [32m+[0m[0m "GroupMinSize",
          [32m+[0m[0m "GroupPendingCapacity",
          [32m+[0m[0m "GroupPendingInstances",
          [32m+[0m[0m "GroupStandbyCapacity",
          [32m+[0m[0m "GroupStandbyInstances",
          [32m+[0m[0m "GroupTerminatingCapacity",
          [32m+[0m[0m "GroupTerminatingInstances",
          [32m+[0m[0m "GroupTotalCapacity",
          [32m+[0m[0m "GroupTotalInstances",
          [32m+[0m[0m "WarmPoolDesiredCapacity",
          [32m+[0m[0m "WarmPoolPendingCapacity",
          [32m+[0m[0m "WarmPoolTerminatingCapacity",
          [32m+[0m[0m "WarmPoolTotalCapacity",
          [32m+[0m[0m "WarmPoolWarmedCapacity",
        ]
      [32m+[0m[0m force_delete                     = false
      [32m+[0m[0m force_delete_warm_pool           = false
      [32m+[0m[0m health_check_grace_period        = 300
      [32m+[0m[0m health_check_type                = "EC2"
      [32m+[0m[0m id                               = (known after apply)
      [32m+[0m[0m ignore_failed_scaling_activities = true
      [32m+[0m[0m load_balancers                   = (known after apply)
      [32m+[0m[0m max_size                         = 1
      [32m+[0m[0m metrics_granularity              = "1Minute"
      [32m+[0m[0m min_size                         = 1
      [32m+[0m[0m name                             = "fck-nat-exp-1789090384-9"
      [32m+[0m[0m name_prefix                      = (known after apply)
      [32m+[0m[0m predicted_capacity               = (known after apply)
      [32m+[0m[0m protect_from_scale_in            = false
      [32m+[0m[0m region                           = "us-west-2"
      [32m+[0m[0m service_linked_role_arn          = (known after apply)
      [32m+[0m[0m target_group_arns                = (known after apply)
      [32m+[0m[0m vpc_zone_identifier              = [
          [32m+[0m[0m "subnet-09243b9701e480665",
        ]
      [32m+[0m[0m wait_for_capacity_timeout        = "5m"
      [32m+[0m[0m warm_pool_size                   = (known after apply)

      [32m+[0m[0m availability_zone_distribution (known after apply)

      [32m+[0m[0m capacity_reservation_specification (known after apply)

      [32m+[0m[0m instance_lifecycle_policy (known after apply)

      [32m+[0m[0m launch_template (known after apply)

      [32m+[0m[0m mixed_instances_policy {
          [32m+[0m[0m instances_distribution {
              [32m+[0m[0m on_demand_allocation_strategy            = (known after apply)
              [32m+[0m[0m on_demand_base_capacity                  = 0
              [32m+[0m[0m on_demand_percentage_above_base_capacity = 100
              [32m+[0m[0m spot_allocation_strategy                 = "price-capacity-optimized"
              [32m+[0m[0m spot_instance_pools                      = 0
            }
          [32m+[0m[0m launch_template {
              [32m+[0m[0m launch_template_specification {
                  [32m+[0m[0m launch_template_id   = (known after apply)
                  [32m+[0m[0m launch_template_name = (known after apply)
                  [32m+[0m[0m version              = (known after apply)
                }
              [32m+[0m[0m override {
                  [32m+[0m[0m instance_type = "t4g.nano"
                }
            }
        }

      [32m+[0m[0m timeouts {
          [32m+[0m[0m delete = "15m"
        }

      [32m+[0m[0m traffic_source (known after apply)
    }

[1m  # module.fck_nat.aws_iam_instance_profile.main[0m will be created
[0m  [32m+[0m[0m resource "aws_iam_instance_profile" "main" {
      [32m+[0m[0m arn         = (known after apply)
      [32m+[0m[0m create_date = (known after apply)
      [32m+[0m[0m id          = (known after apply)
      [32m+[0m[0m name        = "fck-nat-exp-1789090384-9"
      [32m+[0m[0m name_prefix = (known after apply)
      [32m+[0m[0m path        = "/"
      [32m+[0m[0m role        = "fck-nat-exp-1789090384-9"
      [32m+[0m[0m tags_all    = (known after apply)
      [32m+[0m[0m unique_id   = (known after apply)
    }

[1m  # module.fck_nat.aws_iam_policy.main[0m will be created
[0m  [32m+[0m[0m resource "aws_iam_policy" "main" {
      [32m+[0m[0m arn              = (known after apply)
      [32m+[0m[0m attachment_count = (known after apply)
      [32m+[0m[0m id               = (known after apply)
      [32m+[0m[0m name             = "fck-nat-exp-1789090384-9"
      [32m+[0m[0m name_prefix      = (known after apply)
      [32m+[0m[0m path             = "/"
      [32m+[0m[0m policy           = jsonencode(
            {
              [32m+[0m[0m Statement = [
                  [32m+[0m[0m {
                      [32m+[0m[0m Action    = [
                          [32m+[0m[0m "ec2:ModifyNetworkInterfaceAttribute",
                          [32m+[0m[0m "ec2:AttachNetworkInterface",
                        ]
                      [32m+[0m[0m Condition = {
                          [32m+[0m[0m StringEquals = {
                              [32m+[0m[0m "ec2:ResourceTag/Name" = "fck-nat-exp-1789090384-9"
                            }
                        }
                      [32m+[0m[0m Effect    = "Allow"
                      [32m+[0m[0m Resource  = "*"
                      [32m+[0m[0m Sid       = "ManageNetworkInterface"
                    },
                  [32m+[0m[0m {
                      [32m+[0m[0m Action   = [
                          [32m+[0m[0m "ssmmessages:OpenDataChannel",
                          [32m+[0m[0m "ssmmessages:OpenControlChannel",
                          [32m+[0m[0m "ssmmessages:CreateDataChannel",
                          [32m+[0m[0m "ssmmessages:CreateControlChannel",
                          [32m+[0m[0m "ssm:UpdateInstanceInformation",
                        ]
                      [32m+[0m[0m Effect   = "Allow"
                      [32m+[0m[0m Resource = "*"
                      [32m+[0m[0m Sid      = "SessionManager"
                    },
                ]
              [32m+[0m[0m Version   = "2012-10-17"
            }
        )
      [32m+[0m[0m policy_id        = (known after apply)
      [32m+[0m[0m tags_all         = (known after apply)
    }

[1m  # module.fck_nat.aws_iam_role.main[0m will be created
[0m  [32m+[0m[0m resource "aws_iam_role" "main" {
      [32m+[0m[0m arn                   = (known after apply)
      [32m+[0m[0m assume_role_policy    = jsonencode(
            {
              [32m+[0m[0m Statement = [
                  [32m+[0m[0m {
                      [32m+[0m[0m Action    = "sts:AssumeRole"
                      [32m+[0m[0m Effect    = "Allow"
                      [32m+[0m[0m Principal = {
                          [32m+[0m[0m Service = "ec2.amazonaws.com"
                        }
                    },
                ]
              [32m+[0m[0m Version   = "2012-10-17"
            }
        )
      [32m+[0m[0m create_date           = (known after apply)
      [32m+[0m[0m force_detach_policies = false
      [32m+[0m[0m id                    = (known after apply)
      [32m+[0m[0m managed_policy_arns   = (known after apply)
      [32m+[0m[0m max_session_duration  = 3600
      [32m+[0m[0m name                  = "fck-nat-exp-1789090384-9"
      [32m+[0m[0m name_prefix           = (known after apply)
      [32m+[0m[0m path                  = "/"
      [32m+[0m[0m tags_all              = (known after apply)
      [32m+[0m[0m unique_id             = (known after apply)

      [32m+[0m[0m inline_policy (known after apply)
    }

[1m  # module.fck_nat.aws_iam_role_policy_attachment.main[0m will be created
[0m  [32m+[0m[0m resource "aws_iam_role_policy_attachment" "main" {
      [32m+[0m[0m id         = (known after apply)
      [32m+[0m[0m policy_arn = (known after apply)
      [32m+[0m[0m role       = "fck-nat-exp-1789090384-9"
    }

[1m  # module.fck_nat.aws_launch_template.main[0m will be created
[0m  [32m+[0m[0m resource "aws_launch_template" "main" {
      [32m+[0m[0m arn             = (known after apply)
      [32m+[0m[0m default_version = (known after apply)
      [32m+[0m[0m id              = (known after apply)
      [32m+[0m[0m image_id        = "ami-0d1db1251d2b64626"
      [32m+[0m[0m instance_type   = "t4g.nano"
      [32m+[0m[0m latest_version  = (known after apply)
      [32m+[0m[0m name            = "fck-nat-exp-1789090384-9"
      [32m+[0m[0m name_prefix     = (known after apply)
      [32m+[0m[0m region          = "us-west-2"
      [32m+[0m[0m tags_all        = (known after apply)
      [32m+[0m[0m user_data       = (known after apply)

      [32m+[0m[0m block_device_mappings {
          [32m+[0m[0m device_name = "/dev/xvda"

          [32m+[0m[0m ebs {
              [32m+[0m[0m encrypted                  = "true"
              [32m+[0m[0m iops                       = (known after apply)
              [32m+[0m[0m throughput                 = (known after apply)
              [32m+[0m[0m volume_initialization_rate = (known after apply)
              [32m+[0m[0m volume_size                = 8
              [32m+[0m[0m volume_type                = "gp3"
            }
        }

      [32m+[0m[0m credit_specification {}

      [32m+[0m[0m iam_instance_profile {
          [32m+[0m[0m name = "fck-nat-exp-1789090384-9"
        }

      [32m+[0m[0m metadata_options {
          [32m+[0m[0m http_endpoint               = "enabled"
          [32m+[0m[0m http_protocol_ipv6          = (known after apply)
          [32m+[0m[0m http_put_response_hop_limit = (known after apply)
          [32m+[0m[0m http_tokens                 = "required"
          [32m+[0m[0m instance_metadata_tags      = (known after apply)
        }

      [32m+[0m[0m network_interfaces {
          [32m+[0m[0m associate_public_ip_address = "true"
          [32m+[0m[0m description                 = "fck-nat-exp-1789090384-9 ephemeral public ENI"
          [32m+[0m[0m security_groups             = (known after apply)
          [32m+[0m[0m subnet_id                   = "subnet-09243b9701e480665"
        }

      [32m+[0m[0m tag_specifications {
          [32m+[0m[0m resource_type = "instance"
          [32m+[0m[0m tags          = {
              [32m+[0m[0m "Name" = "fck-nat-exp-1789090384-9"
            }
        }
      [32m+[0m[0m tag_specifications {
          [32m+[0m[0m resource_type = "network-interface"
          [32m+[0m[0m tags          = {
              [32m+[0m[0m "Name" = "fck-nat-exp-1789090384-9"
            }
        }
      [32m+[0m[0m tag_specifications {
          [32m+[0m[0m resource_type = "volume"
          [32m+[0m[0m tags          = {
              [32m+[0m[0m "Name" = "fck-nat-exp-1789090384-9"
            }
        }
    }

[1m  # module.fck_nat.aws_network_interface.main[0m will be created
[0m  [32m+[0m[0m resource "aws_network_interface" "main" {
      [32m+[0m[0m arn                       = (known after apply)
      [32m+[0m[0m description               = "fck-nat-exp-1789090384-9 static private ENI"
      [32m+[0m[0m enable_primary_ipv6       = (known after apply)
      [32m+[0m[0m id                        = (known after apply)
      [32m+[0m[0m interface_type            = (known after apply)
      [32m+[0m[0m ipv4_prefix_count         = (known after apply)
      [32m+[0m[0m ipv4_prefixes             = (known after apply)
      [32m+[0m[0m ipv6_address_count        = (known after apply)
      [32m+[0m[0m ipv6_address_list         = (known after apply)
      [32m+[0m[0m ipv6_address_list_enabled = false
      [32m+[0m[0m ipv6_addresses            = (known after apply)
      [32m+[0m[0m ipv6_prefix_count         = (known after apply)
      [32m+[0m[0m ipv6_prefixes             = (known after apply)
      [32m+[0m[0m mac_address               = (known after apply)
      [32m+[0m[0m outpost_arn               = (known after apply)
      [32m+[0m[0m owner_id                  = (known after apply)
      [32m+[0m[0m private_dns_name          = (known after apply)
      [32m+[0m[0m private_ip                = (known after apply)
      [32m+[0m[0m private_ip_list           = (known after apply)
      [32m+[0m[0m private_ip_list_enabled   = false
      [32m+[0m[0m private_ips               = (known after apply)
      [32m+[0m[0m private_ips_count         = (known after apply)
      [32m+[0m[0m region                    = "us-west-2"
      [32m+[0m[0m security_groups           = (known after apply)
      [32m+[0m[0m source_dest_check         = false
      [32m+[0m[0m subnet_id                 = "subnet-09243b9701e480665"
      [32m+[0m[0m tags                      = {
          [32m+[0m[0m "Name" = "fck-nat-exp-1789090384-9"
        }
      [32m+[0m[0m tags_all                  = {
          [32m+[0m[0m "Name" = "fck-nat-exp-1789090384-9"
        }

      [32m+[0m[0m attachment (known after apply)
    }

[1m  # module.fck_nat.aws_security_group.main[0m will be created
[0m  [32m+[0m[0m resource "aws_security_group" "main" {
      [32m+[0m[0m arn                    = (known after apply)
      [32m+[0m[0m description            = "Used in fck-nat-exp-1789090384-9 instance of fck-nat in subnet subnet-09243b9701e480665"
      [32m+[0m[0m egress                 = [
          [32m+[0m[0m {
              [32m+[0m[0m cidr_blocks      = [
                  [32m+[0m[0m "0.0.0.0/0",
                ]
              [32m+[0m[0m description      = "Unrestricted egress"
              [32m+[0m[0m from_port        = 0
              [32m+[0m[0m ipv6_cidr_blocks = [
                  [32m+[0m[0m "::/0",
                ]
              [32m+[0m[0m prefix_list_ids  = []
              [32m+[0m[0m protocol         = "-1"
              [32m+[0m[0m security_groups  = []
              [32m+[0m[0m self             = false
              [32m+[0m[0m to_port          = 0
            },
        ]
      [32m+[0m[0m id                     = (known after apply)
      [32m+[0m[0m ingress                = [
          [32m+[0m[0m {
              [32m+[0m[0m cidr_blocks      = [
                  [32m+[0m[0m "10.99.0.0/16",
                ]
              [32m+[0m[0m description      = "Unrestricted ingress from within VPC"
              [32m+[0m[0m from_port        = 0
              [32m+[0m[0m ipv6_cidr_blocks = []
              [32m+[0m[0m prefix_list_ids  = []
              [32m+[0m[0m protocol         = "-1"
              [32m+[0m[0m security_groups  = []
              [32m+[0m[0m self             = false
              [32m+[0m[0m to_port          = 0
            },
        ]
      [32m+[0m[0m name                   = "fck-nat-exp-1789090384-9"
      [32m+[0m[0m name_prefix            = (known after apply)
      [32m+[0m[0m owner_id               = (known after apply)
      [32m+[0m[0m region                 = "us-west-2"
      [32m+[0m[0m revoke_rules_on_delete = false
      [32m+[0m[0m tags                   = {
          [32m+[0m[0m "Name" = "fck-nat-exp-1789090384-9"
        }
      [32m+[0m[0m tags_all               = {
          [32m+[0m[0m "Name" = "fck-nat-exp-1789090384-9"
        }
      [32m+[0m[0m vpc_id                 = "vpc-07edef14b92b9d6bf"
    }

[1mPlan:[0m [0m8 to add, 0 to change, 0 to destroy.
[0m[1mmodule.fck_nat.aws_iam_policy.main: Creating...[0m[0m
[0m[1mmodule.fck_nat.aws_iam_role.main: Creating...[0m[0m
[0m[1mmodule.fck_nat.aws_security_group.main: Creating...[0m[0m
[0m[1mmodule.fck_nat.aws_iam_role.main: Creation complete after 0s [id=fck-nat-exp-1789090384-9][0m
[0m[1mmodule.fck_nat.aws_iam_instance_profile.main: Creating...[0m[0m
[0m[1mmodule.fck_nat.aws_iam_policy.main: Creation complete after 0s [id=arn:aws:iam::711318977523:policy/fck-nat-exp-1789090384-9][0m
[0m[1mmodule.fck_nat.aws_iam_role_policy_attachment.main: Creating...[0m[0m
[0m[1mmodule.fck_nat.aws_iam_role_policy_attachment.main: Creation complete after 0s [id=fck-nat-exp-1789090384-9/arn:aws:iam::711318977523:policy/fck-nat-exp-1789090384-9][0m
[0m[1mmodule.fck_nat.aws_security_group.main: Creation complete after 3s [id=sg-08b7ec3c9458a4168][0m
[0m[1mmodule.fck_nat.aws_network_interface.main: Creating...[0m[0m
[0m[1mmodule.fck_nat.aws_network_interface.main: Creation complete after 1s [id=eni-07c7d33911b8a01ed][0m
[0m[1mmodule.fck_nat.data.cloudinit_config.this: Reading...[0m[0m
[0m[1mmodule.fck_nat.data.cloudinit_config.this: Read complete after 0s [id=4155672651][0m
[0m[1mmodule.fck_nat.aws_iam_instance_profile.main: Creation complete after 6s [id=fck-nat-exp-1789090384-9][0m
[0m[1mmodule.fck_nat.aws_launch_template.main: Creating...[0m[0m
[0m[1mmodule.fck_nat.aws_launch_template.main: Creation complete after 6s [id=lt-060e7383753b80813][0m
[0m[1mmodule.fck_nat.aws_autoscaling_group.main[0]: Creating...[0m[0m
[0m[1mmodule.fck_nat.aws_autoscaling_group.main[0]: Still creating... [00m10s elapsed][0m[0m
[0m[1mmodule.fck_nat.aws_autoscaling_group.main[0]: Creation complete after 15s [id=fck-nat-exp-1789090384-9][0m
[33m╷[0m[0m
[33m│[0m [0m[1m[33mWarning: [0m[0m[1mDeprecated attribute[0m
[33m│[0m [0m
[33m│[0m [0m[0m  on .terraform/modules/fck_nat/main.tf line 38, in resource "aws_security_group" "main":
[33m│[0m [0m  38:     ipv6_cidr_blocks = var.use_nat64 ? ["${data.aws_vpc.main[4m.ipv6_cidr_block[0m}"] : null[0m
[33m│[0m [0m
[33m│[0m [0mThe attribute "ipv6_cidr_block" is deprecated. Refer to the provider
[33m│[0m [0mdocumentation for details.
[33m│[0m [0m
[33m│[0m [0m(and 3 more similar warnings elsewhere)
[33m╵[0m[0m
[0m[1m[32m
Apply complete! Resources: 8 added, 0 changed, 0 destroyed.[0m
